******************************************************************************
                  MSP430 Linker PC v16.9.4                     
******************************************************************************
>> Linked Mon Oct 16 01:47:26 2017

OUTPUT FILE NAME:   <Exercise 10.out>
ENTRY POINT SYMBOL: "_c_int00_noargs_noexit"  address: 000083fa


MEMORY CONFIGURATION

         name            origin    length      used     unused   attr    fill
----------------------  --------  ---------  --------  --------  ----  --------
  SFR                   00000000   00000010  00000000  00000010  RWIX
  PERIPHERALS_8BIT      00000010   000000f0  00000000  000000f0  RWIX
  PERIPHERALS_16BIT     00000100   00000100  00000000  00000100  RWIX
  RAM                   00000200   00000400  000000e5  0000031b  RWIX
  INFOD                 00001000   00000040  00000000  00000040  RWIX
  INFOC                 00001040   00000040  00000000  00000040  RWIX
  INFOB                 00001080   00000040  00000000  00000040  RWIX
  INFOA                 000010c0   00000040  00000000  00000040  RWIX
  FLASH                 00008000   00007fde  000004be  00007b20  RWIX
  BSLSIGNATURE          0000ffde   00000002  00000002  00000000  RWIX  ffff 
  INT00                 0000ffe0   00000002  00000000  00000002  RWIX
  INT01                 0000ffe2   00000002  00000000  00000002  RWIX
  INT02                 0000ffe4   00000002  00000002  00000000  RWIX
  INT03                 0000ffe6   00000002  00000002  00000000  RWIX
  INT04                 0000ffe8   00000002  00000000  00000002  RWIX
  INT05                 0000ffea   00000002  00000002  00000000  RWIX
  INT06                 0000ffec   00000002  00000002  00000000  RWIX
  INT07                 0000ffee   00000002  00000002  00000000  RWIX
  INT08                 0000fff0   00000002  00000002  00000000  RWIX
  INT09                 0000fff2   00000002  00000002  00000000  RWIX
  INT10                 0000fff4   00000002  00000002  00000000  RWIX
  INT11                 0000fff6   00000002  00000000  00000002  RWIX
  INT12                 0000fff8   00000002  00000002  00000000  RWIX
  INT13                 0000fffa   00000002  00000002  00000000  RWIX
  INT14                 0000fffc   00000002  00000002  00000000  RWIX
  RESET                 0000fffe   00000002  00000002  00000000  RWIX


SECTION ALLOCATION MAP

 output                                  attributes/
section   page    origin      length       input sections
--------  ----  ----------  ----------   ----------------
.bss       0    00000200    00000064     UNINITIALIZED
                  00000200    00000064     (.common:queue)

.data      0    00000264    00000031     UNINITIALIZED
                  00000264    00000012     main.obj (.data)
                  00000276    00000010     main.obj (.data:empty_error)
                  00000286    0000000f     main.obj (.data:full_error)

.stack     0    000005b0    00000050     UNINITIALIZED
                  000005b0    00000002     rts430_eabi.lib : boot.obj (.stack)
                  000005b2    0000004e     --HOLE--

.text      0    00008000    00000484     
                  00008000    00000124     main.obj (.text:main)
                  00008124    0000011a     main.obj (.text:UART_RX)
                  0000823e    0000007c     rts430_eabi.lib : copy_decompress_lzss.obj (.text:decompress:lzss:__TI_decompress_lzss)
                  000082ba    0000006e                     : autoinit.obj (.text:_auto_init)
                  00008328    0000005a                     : cpy_tbl.obj (.text:copy_in)
                  00008382    0000004c                     : lsr16.obj (.text)
                  000083ce    0000002c                     : lsl16.obj (.text)
                  000083fa    0000001a                     : boot_special.obj (.text:_c_int00_noargs_noexit)
                  00008414    00000014                     : copy_zero_init.obj (.text:decompress:ZI:__TI_zero_init)
                  00008428    00000014                     : mult16.obj (.text)
                  0000843c    00000012                     : copy_decompress_none.obj (.text:decompress:none:__TI_decompress_none)
                  0000844e    00000012                     : memcpy.obj (.text:memcpy)
                  00008460    00000010                     : epilog.obj (.text)
                  00008470    00000008                     : isr_trap.obj (.text:_isr:__TI_ISR_TRAP)
                  00008478    00000006                     : exit.obj (.text:abort)
                  0000847e    00000004                     : pre_init.obj (.text:_system_pre_init)
                  00008482    00000002                     : startup.obj (.text:_system_post_cinit)

.cinit     0    00008484    0000003a     
                  00008484    00000027     (.cinit..data.load) [load image, compression = lzss]
                  000084ab    00000001     --HOLE-- [fill = 0]
                  000084ac    00000006     (__TI_handler_table)
                  000084b2    00000004     (.cinit..bss.load) [load image, compression = zero_init]
                  000084b6    00000008     (__TI_cinit_table)

.binit     0    00008000    00000000     

.init_array 
*          0    00008000    00000000     UNINITIALIZED

$fill000   0    0000ffde    00000002     
                  0000ffde    00000002     --HOLE-- [fill = ffff]

PORT1      0    0000ffe4    00000002     
                  0000ffe4    00000002     rts430_eabi.lib : int02.obj (.int02)

PORT2      0    0000ffe6    00000002     
                  0000ffe6    00000002     rts430_eabi.lib : int03.obj (.int03)

ADC10      0    0000ffea    00000002     
                  0000ffea    00000002     rts430_eabi.lib : int05.obj (.int05)

USCIAB0TX 
*          0    0000ffec    00000002     
                  0000ffec    00000002     rts430_eabi.lib : int06.obj (.int06)

USCIAB0RX 
*          0    0000ffee    00000002     
                  0000ffee    00000002     main.obj (.int07)

TIMERA1    0    0000fff0    00000002     
                  0000fff0    00000002     rts430_eabi.lib : int08.obj (.int08)

TIMERA0    0    0000fff2    00000002     
                  0000fff2    00000002     rts430_eabi.lib : int09.obj (.int09)

WDT        0    0000fff4    00000002     
                  0000fff4    00000002     rts430_eabi.lib : int10.obj (.int10)

TIMERB1    0    0000fff8    00000002     
                  0000fff8    00000002     rts430_eabi.lib : int12.obj (.int12)

TIMERB0    0    0000fffa    00000002     
                  0000fffa    00000002     rts430_eabi.lib : int13.obj (.int13)

NMI        0    0000fffc    00000002     
                  0000fffc    00000002     rts430_eabi.lib : int14.obj (.int14)

.reset     0    0000fffe    00000002     
                  0000fffe    00000002     rts430_eabi.lib : boot.obj (.reset)

MODULE SUMMARY

       Module                     code   ro data   rw data
       ------                     ----   -------   -------
    .\
       main.obj                   574    2         149    
    +--+--------------------------+------+---------+---------+
       Total:                     574    2         149    
                                                          
    C:\ti\ccsv7\tools\compiler\ti-cgt-msp430_16.9.4.LTS\lib\rts430_eabi.lib
       copy_decompress_lzss.obj   124    0         0      
       autoinit.obj               110    0         0      
       cpy_tbl.obj                90     0         0      
       lsr16.obj                  76     0         0      
       lsl16.obj                  44     0         0      
       boot_special.obj           26     0         0      
       copy_zero_init.obj         20     0         0      
       mult16.obj                 20     0         0      
       copy_decompress_none.obj   18     0         0      
       memcpy.obj                 18     0         0      
       epilog.obj                 16     0         0      
       isr_trap.obj               8      0         0      
       exit.obj                   6      0         0      
       pre_init.obj               4      0         0      
       boot.obj                   0      2         0      
       int02.obj                  0      2         0      
       int03.obj                  0      2         0      
       int05.obj                  0      2         0      
       int06.obj                  0      2         0      
       int08.obj                  0      2         0      
       int09.obj                  0      2         0      
       int10.obj                  0      2         0      
       int12.obj                  0      2         0      
       int13.obj                  0      2         0      
       int14.obj                  0      2         0      
       startup.obj                2      0         0      
    +--+--------------------------+------+---------+---------+
       Total:                     582    22        0      
                                                          
       Stack:                     0      0         80     
       Linker Generated:          0      57        0      
    +--+--------------------------+------+---------+---------+
       Grand Total:               1156   81        229    


LINKER GENERATED COPY TABLES

__TI_cinit_table @ 000084b6 records: 2, size/record: 4, table size: 8
	.data: load addr=00008484, load size=00000027 bytes, run addr=00000264, run size=00000031 bytes, compression=lzss
	.bss: load addr=000084b2, load size=00000004 bytes, run addr=00000200, run size=00000064 bytes, compression=zero_init


LINKER GENERATED HANDLER TABLE

__TI_handler_table @ 000084ac records: 3, size/record: 2, table size: 6
	index: 0, handler: __TI_zero_init
	index: 1, handler: __TI_decompress_lzss
	index: 2, handler: __TI_decompress_none


GLOBAL SYMBOLS: SORTED ALPHABETICALLY BY Name 

address   name                    
-------   ----                    
0000004a  ADC10AE0                
0000004b  ADC10AE1                
000001b0  ADC10CTL0               
000001b2  ADC10CTL1               
00000048  ADC10DTC0               
00000049  ADC10DTC1               
000001b4  ADC10MEM                
000001bc  ADC10SA                 
00000057  BCSCTL1                 
00000058  BCSCTL2                 
00000053  BCSCTL3                 
00008478  C$$EXIT                 
000010fb  CALBC1_12MHZ            
000010f9  CALBC1_16MHZ            
000010ff  CALBC1_1MHZ             
000010fd  CALBC1_8MHZ             
000010fa  CALDCO_12MHZ            
000010f8  CALDCO_16MHZ            
000010fe  CALDCO_1MHZ             
000010fc  CALDCO_8MHZ             
00000056  DCOCTL                  
00000128  FCTL1                   
0000012a  FCTL2                   
0000012c  FCTL3                   
00000000  IE1                     
00000001  IE2                     
00000002  IFG1                    
00000003  IFG2                    
000000c0  OA0CTL0                 
000000c1  OA0CTL1                 
000000c2  OA1CTL0                 
000000c3  OA1CTL1                 
00000022  P1DIR                   
00000025  P1IE                    
00000024  P1IES                   
00000023  P1IFG                   
00000020  P1IN                    
00000021  P1OUT                   
00000027  P1REN                   
00000026  P1SEL                   
0000002a  P2DIR                   
0000002d  P2IE                    
0000002c  P2IES                   
0000002b  P2IFG                   
00000028  P2IN                    
00000029  P2OUT                   
0000002f  P2REN                   
0000002e  P2SEL                   
0000001a  P3DIR                   
00000018  P3IN                    
00000019  P3OUT                   
00000010  P3REN                   
0000001b  P3SEL                   
0000001e  P4DIR                   
0000001c  P4IN                    
0000001d  P4OUT                   
00000011  P4REN                   
0000001f  P4SEL                   
00000172  TACCR0                  
00000174  TACCR1                  
00000176  TACCR2                  
00000162  TACCTL0                 
00000164  TACCTL1                 
00000166  TACCTL2                 
00000160  TACTL                   
0000012e  TAIV                    
00000170  TAR                     
00000192  TBCCR0                  
00000194  TBCCR1                  
00000196  TBCCR2                  
00000182  TBCCTL0                 
00000184  TBCCTL1                 
00000186  TBCCTL2                 
00000180  TBCTL                   
0000011e  TBIV                    
00000190  TBR                     
00008124  UART_RX                 
0000005d  UCA0ABCTL               
00000062  UCA0BR0                 
00000063  UCA0BR1                 
00000060  UCA0CTL0                
00000061  UCA0CTL1                
0000005f  UCA0IRRCTL              
0000005e  UCA0IRTCTL              
00000064  UCA0MCTL                
00000066  UCA0RXBUF               
00000065  UCA0STAT                
00000067  UCA0TXBUF               
0000006a  UCB0BR0                 
0000006b  UCB0BR1                 
00000068  UCB0CTL0                
00000069  UCB0CTL1                
0000006c  UCB0I2CIE               
00000118  UCB0I2COA               
0000011a  UCB0I2CSA               
0000006e  UCB0RXBUF               
0000006d  UCB0STAT                
0000006f  UCB0TXBUF               
00000120  WDTCTL                  
00000600  __STACK_END             
00000050  __STACK_SIZE            
UNDEFED   __TI_BINIT_Base         
UNDEFED   __TI_BINIT_Limit        
000084b6  __TI_CINIT_Base         
000084be  __TI_CINIT_Limit        
000084ac  __TI_Handler_Table_Base 
000084b2  __TI_Handler_Table_Limit
UNDEFED   __TI_INITARRAY_Base     
UNDEFED   __TI_INITARRAY_Limit    
00008470  __TI_ISR_TRAP           
0000823e  __TI_decompress_lzss    
0000843c  __TI_decompress_none    
0000ffe4  __TI_int02              
0000ffe6  __TI_int03              
0000ffea  __TI_int05              
0000ffec  __TI_int06              
0000ffee  __TI_int07              
0000fff0  __TI_int08              
0000fff2  __TI_int09              
0000fff4  __TI_int10              
0000fff8  __TI_int12              
0000fffa  __TI_int13              
0000fffc  __TI_int14              
ffffffff  __TI_pprof_out_hndl     
ffffffff  __TI_prof_data_size     
ffffffff  __TI_prof_data_start    
00008414  __TI_zero_init          
ffffffff  __c_args__              
0000846c  __mspabi_func_epilog_1  
0000846a  __mspabi_func_epilog_2  
00008468  __mspabi_func_epilog_3  
00008466  __mspabi_func_epilog_4  
00008464  __mspabi_func_epilog_5  
00008462  __mspabi_func_epilog_6  
00008460  __mspabi_func_epilog_7  
00008428  __mspabi_mpyi           
00008428  __mspabi_mpyi_sw        
000083ce  __mspabi_slli           
000083f6  __mspabi_slli_1         
000083e4  __mspabi_slli_10        
000083e2  __mspabi_slli_11        
000083e0  __mspabi_slli_12        
000083de  __mspabi_slli_13        
000083dc  __mspabi_slli_14        
000083da  __mspabi_slli_15        
000083f4  __mspabi_slli_2         
000083f2  __mspabi_slli_3         
000083f0  __mspabi_slli_4         
000083ee  __mspabi_slli_5         
000083ec  __mspabi_slli_6         
000083ea  __mspabi_slli_7         
000083e8  __mspabi_slli_8         
000083e6  __mspabi_slli_9         
00008382  __mspabi_srli           
000083c8  __mspabi_srli_1         
000083a4  __mspabi_srli_10        
000083a0  __mspabi_srli_11        
0000839c  __mspabi_srli_12        
00008398  __mspabi_srli_13        
00008394  __mspabi_srli_14        
00008390  __mspabi_srli_15        
000083c4  __mspabi_srli_2         
000083c0  __mspabi_srli_3         
000083bc  __mspabi_srli_4         
000083b8  __mspabi_srli_5         
000083b4  __mspabi_srli_6         
000083b0  __mspabi_srli_7         
000083ac  __mspabi_srli_8         
000083a8  __mspabi_srli_9         
000082ba  _auto_init              
000083fa  _c_int00_noargs_noexit  
0000fffe  _reset_vector           
000005b0  _stack                  
00008482  _system_post_cinit      
0000847e  _system_pre_init        
00008478  abort                   
00000272  bottom                  
0000026e  command                 
00008328  copy_in                 
0000026c  counter                 
00000268  empty                   
00000276  empty_error             
00000266  end                     
00000274  esc                     
0000026a  full                    
00000286  full_error              
00008000  main                    
0000844e  memcpy                  
00000200  queue                   
00000264  start                   
00000270  top                     


GLOBAL SYMBOLS: SORTED BY Symbol Address 

address   name                    
-------   ----                    
00000000  IE1                     
00000001  IE2                     
00000002  IFG1                    
00000003  IFG2                    
00000010  P3REN                   
00000011  P4REN                   
00000018  P3IN                    
00000019  P3OUT                   
0000001a  P3DIR                   
0000001b  P3SEL                   
0000001c  P4IN                    
0000001d  P4OUT                   
0000001e  P4DIR                   
0000001f  P4SEL                   
00000020  P1IN                    
00000021  P1OUT                   
00000022  P1DIR                   
00000023  P1IFG                   
00000024  P1IES                   
00000025  P1IE                    
00000026  P1SEL                   
00000027  P1REN                   
00000028  P2IN                    
00000029  P2OUT                   
0000002a  P2DIR                   
0000002b  P2IFG                   
0000002c  P2IES                   
0000002d  P2IE                    
0000002e  P2SEL                   
0000002f  P2REN                   
00000048  ADC10DTC0               
00000049  ADC10DTC1               
0000004a  ADC10AE0                
0000004b  ADC10AE1                
00000050  __STACK_SIZE            
00000053  BCSCTL3                 
00000056  DCOCTL                  
00000057  BCSCTL1                 
00000058  BCSCTL2                 
0000005d  UCA0ABCTL               
0000005e  UCA0IRTCTL              
0000005f  UCA0IRRCTL              
00000060  UCA0CTL0                
00000061  UCA0CTL1                
00000062  UCA0BR0                 
00000063  UCA0BR1                 
00000064  UCA0MCTL                
00000065  UCA0STAT                
00000066  UCA0RXBUF               
00000067  UCA0TXBUF               
00000068  UCB0CTL0                
00000069  UCB0CTL1                
0000006a  UCB0BR0                 
0000006b  UCB0BR1                 
0000006c  UCB0I2CIE               
0000006d  UCB0STAT                
0000006e  UCB0RXBUF               
0000006f  UCB0TXBUF               
000000c0  OA0CTL0                 
000000c1  OA0CTL1                 
000000c2  OA1CTL0                 
000000c3  OA1CTL1                 
00000118  UCB0I2COA               
0000011a  UCB0I2CSA               
0000011e  TBIV                    
00000120  WDTCTL                  
00000128  FCTL1                   
0000012a  FCTL2                   
0000012c  FCTL3                   
0000012e  TAIV                    
00000160  TACTL                   
00000162  TACCTL0                 
00000164  TACCTL1                 
00000166  TACCTL2                 
00000170  TAR                     
00000172  TACCR0                  
00000174  TACCR1                  
00000176  TACCR2                  
00000180  TBCTL                   
00000182  TBCCTL0                 
00000184  TBCCTL1                 
00000186  TBCCTL2                 
00000190  TBR                     
00000192  TBCCR0                  
00000194  TBCCR1                  
00000196  TBCCR2                  
000001b0  ADC10CTL0               
000001b2  ADC10CTL1               
000001b4  ADC10MEM                
000001bc  ADC10SA                 
00000200  queue                   
00000264  start                   
00000266  end                     
00000268  empty                   
0000026a  full                    
0000026c  counter                 
0000026e  command                 
00000270  top                     
00000272  bottom                  
00000274  esc                     
00000276  empty_error             
00000286  full_error              
000005b0  _stack                  
00000600  __STACK_END             
000010f8  CALDCO_16MHZ            
000010f9  CALBC1_16MHZ            
000010fa  CALDCO_12MHZ            
000010fb  CALBC1_12MHZ            
000010fc  CALDCO_8MHZ             
000010fd  CALBC1_8MHZ             
000010fe  CALDCO_1MHZ             
000010ff  CALBC1_1MHZ             
00008000  main                    
00008124  UART_RX                 
0000823e  __TI_decompress_lzss    
000082ba  _auto_init              
00008328  copy_in                 
00008382  __mspabi_srli           
00008390  __mspabi_srli_15        
00008394  __mspabi_srli_14        
00008398  __mspabi_srli_13        
0000839c  __mspabi_srli_12        
000083a0  __mspabi_srli_11        
000083a4  __mspabi_srli_10        
000083a8  __mspabi_srli_9         
000083ac  __mspabi_srli_8         
000083b0  __mspabi_srli_7         
000083b4  __mspabi_srli_6         
000083b8  __mspabi_srli_5         
000083bc  __mspabi_srli_4         
000083c0  __mspabi_srli_3         
000083c4  __mspabi_srli_2         
000083c8  __mspabi_srli_1         
000083ce  __mspabi_slli           
000083da  __mspabi_slli_15        
000083dc  __mspabi_slli_14        
000083de  __mspabi_slli_13        
000083e0  __mspabi_slli_12        
000083e2  __mspabi_slli_11        
000083e4  __mspabi_slli_10        
000083e6  __mspabi_slli_9         
000083e8  __mspabi_slli_8         
000083ea  __mspabi_slli_7         
000083ec  __mspabi_slli_6         
000083ee  __mspabi_slli_5         
000083f0  __mspabi_slli_4         
000083f2  __mspabi_slli_3         
000083f4  __mspabi_slli_2         
000083f6  __mspabi_slli_1         
000083fa  _c_int00_noargs_noexit  
00008414  __TI_zero_init          
00008428  __mspabi_mpyi           
00008428  __mspabi_mpyi_sw        
0000843c  __TI_decompress_none    
0000844e  memcpy                  
00008460  __mspabi_func_epilog_7  
00008462  __mspabi_func_epilog_6  
00008464  __mspabi_func_epilog_5  
00008466  __mspabi_func_epilog_4  
00008468  __mspabi_func_epilog_3  
0000846a  __mspabi_func_epilog_2  
0000846c  __mspabi_func_epilog_1  
00008470  __TI_ISR_TRAP           
00008478  C$$EXIT                 
00008478  abort                   
0000847e  _system_pre_init        
00008482  _system_post_cinit      
000084ac  __TI_Handler_Table_Base 
000084b2  __TI_Handler_Table_Limit
000084b6  __TI_CINIT_Base         
000084be  __TI_CINIT_Limit        
0000ffe4  __TI_int02              
0000ffe6  __TI_int03              
0000ffea  __TI_int05              
0000ffec  __TI_int06              
0000ffee  __TI_int07              
0000fff0  __TI_int08              
0000fff2  __TI_int09              
0000fff4  __TI_int10              
0000fff8  __TI_int12              
0000fffa  __TI_int13              
0000fffc  __TI_int14              
0000fffe  _reset_vector           
ffffffff  __TI_pprof_out_hndl     
ffffffff  __TI_prof_data_size     
ffffffff  __TI_prof_data_start    
ffffffff  __c_args__              
UNDEFED   __TI_BINIT_Base         
UNDEFED   __TI_BINIT_Limit        
UNDEFED   __TI_INITARRAY_Base     
UNDEFED   __TI_INITARRAY_Limit    

[191 symbols]
